// Jest Snapshot v1, https://goo.gl/fbAQLP

exports[`renders correctly 1`] = `
.c0:link,
.c0:visited {
  font-size: inherit;
  font-weight: inherit;
  color: inherit;
}

<a
  class="c0"
  href="/"
>
  Home
</a>
`;
