// Jest Snapshot v1, https://goo.gl/fbAQLP

exports[`renders correctly 1`] = `
.c0 {
  padding: 9rem 4rem 4rem 4rem;
}

<main
  class="c0"
>
  <div>
    Somethig
  </div>
</main>
`;
