// Jest Snapshot v1, https://goo.gl/fbAQLP

exports[`should render correctly 1`] = `
.c0 {
  border: none;
  background: #CA3433;
  font-weight: 700;
  height: 3rem;
}

<button
  class="c0"
>
  Remover
</button>
`;
