// Jest Snapshot v1, https://goo.gl/fbAQLP

exports[`renders correctly 1`] = `
.c0 {
  font-size: 1.4rem;
}

.c1 {
  font-weight: 700;
}

<span
  class="c0"
>
  Items
   
  <strong
    class="c1"
  >
    20
  </strong>
</span>
`;
